// Jest Snapshot v1, https://goo.gl/fbAQLP

exports[`should render expense list with expenses 1`] = `
<div>
  <ExpenseListItem
    amount={565}
    createdAt={0}
    description="grocery shopping"
    id="1"
    key="1"
    note=""
  />
  <ExpenseListItem
    amount={10000}
    createdAt={-100000000}
    description="rent"
    id="2"
    key="2"
    note=""
  />
  <ExpenseListItem
    amount={2400}
    createdAt={100000000}
    description="present"
    id="3"
    key="3"
    note=""
  />
</div>
`;

exports[`should render expense list with no items 1`] = `
<div>
  <p>
    No expenses
  </p>
</div>
`;
