// Jest Snapshot v1, https://goo.gl/fbAQLP

exports[`should render header 1`] = `
<div>
  <h1>
    title
  </h1>
  <NavLink
    activeClassName="is-active"
    to="/"
  >
    dashboard
  </NavLink>
  <NavLink
    activeClassName="is-active"
    to="/create"
  >
    create expense
  </NavLink>
  <NavLink
    activeClassName="is-active"
    to="/edit"
  >
    edit expense
  </NavLink>
  <NavLink
    activeClassName="is-active"
    to="/help"
  >
    help
  </NavLink>
</div>
`;
